\BOOKMARK [0][-]{chapter*.1}{Abstract}{}% 1
\BOOKMARK [0][-]{chapter*.2}{Samenvatting}{}% 2
\BOOKMARK [0][-]{chapter*.3}{Acknowledgements}{}% 3
\BOOKMARK [0][-]{chapter*.4}{The author's contributions}{}% 4
\BOOKMARK [0][-]{chapter.1}{Introduction}{}% 5
\BOOKMARK [0][-]{chapter.2}{The Standard Model and the charm-Yukawa coupling}{}% 6
\BOOKMARK [1][-]{section.2.1}{The Standard Model of particle physics}{chapter.2}% 7
\BOOKMARK [1][-]{section.2.2}{The charm-Yukawa coupling}{chapter.2}% 8
\BOOKMARK [2][-]{subsection.2.2.1}{The Brout-Englert-Higgs mechanism}{section.2.2}% 9
\BOOKMARK [2][-]{subsection.2.2.2}{The Yukawa couplings}{section.2.2}% 10
\BOOKMARK [1][-]{section.2.3}{Measuring the charm-Yukawa coupling}{chapter.2}% 11
\BOOKMARK [2][-]{subsection.2.3.1}{The cH process}{section.2.3}% 12
\BOOKMARK [2][-]{subsection.2.3.2}{The -framework}{section.2.3}% 13
\BOOKMARK [1][-]{section.2.4}{The cH process in an EFT context}{chapter.2}% 14
\BOOKMARK [2][-]{subsection.2.4.1}{The chromomagnetic dipole operator}{section.2.4}% 15
\BOOKMARK [2][-]{subsection.2.4.2}{Validity of an EFT}{section.2.4}% 16
\BOOKMARK [1][-]{section.2.5}{State of the art on c}{chapter.2}% 17
\BOOKMARK [0][-]{chapter.3}{The CMS experiment at the LHC}{}% 18
\BOOKMARK [1][-]{section.3.1}{The CMS detector}{chapter.3}% 19
\BOOKMARK [2][-]{subsection.3.1.1}{The CMS coordinate system}{section.3.1}% 20
\BOOKMARK [2][-]{subsection.3.1.2}{The silicon tracker}{section.3.1}% 21
\BOOKMARK [2][-]{subsection.3.1.3}{The electromagnetic calorimeter}{section.3.1}% 22
\BOOKMARK [2][-]{subsection.3.1.4}{The hadronic calorimeter}{section.3.1}% 23
\BOOKMARK [2][-]{subsection.3.1.5}{The superconducting solenoid magnet}{section.3.1}% 24
\BOOKMARK [2][-]{subsection.3.1.6}{The muon chambers}{section.3.1}% 25
\BOOKMARK [2][-]{subsection.3.1.7}{The triggering system}{section.3.1}% 26
\BOOKMARK [2][-]{subsection.3.1.8}{The 2018 dataset of the CMS detector}{section.3.1}% 27
\BOOKMARK [1][-]{section.3.2}{Event reconstruction with the CMS detector}{chapter.3}% 28
\BOOKMARK [2][-]{subsection.3.2.1}{Track and vertex reconstruction}{section.3.2}% 29
\BOOKMARK [2][-]{subsection.3.2.2}{The Particle Flow algorithm}{section.3.2}% 30
\BOOKMARK [2][-]{subsection.3.2.3}{Reconstruction and identification of muons}{section.3.2}% 31
\BOOKMARK [2][-]{subsection.3.2.4}{Reconstruction and identification of jets}{section.3.2}% 32
\BOOKMARK [2][-]{subsection.3.2.5}{Missing transverse momentum}{section.3.2}% 33
\BOOKMARK [1][-]{section.3.3}{Identification of charm quark-induced jets}{chapter.3}% 34
\BOOKMARK [2][-]{subsection.3.3.1}{Properties of heavy-flavour jets}{section.3.3}% 35
\BOOKMARK [2][-]{subsection.3.3.2}{The DeepJet algorithm}{section.3.3}% 36
\BOOKMARK [1][-]{section.3.4}{Validation of jet flavour tagging algorithms and data quality monitoring}{chapter.3}% 37
\BOOKMARK [1][-]{section.3.5}{Monte Carlo simulation of proton-proton collisions}{chapter.3}% 38
\BOOKMARK [0][-]{chapter.4}{Search for the cH\(ZZ4\)cprocess}{}% 39
\BOOKMARK [1][-]{section.4.1}{The cH\(ZZ4\)event selection}{chapter.4}% 40
\BOOKMARK [2][-]{subsection.4.1.1}{Higgs boson candidate selection}{section.4.1}% 41
\BOOKMARK [2][-]{subsection.4.1.2}{Jet candidate selection}{section.4.1}% 42
\BOOKMARK [2][-]{subsection.4.1.3}{Reconstruction efficiency}{section.4.1}% 43
\BOOKMARK [1][-]{section.4.2}{Signal and background estimation}{chapter.4}% 44
\BOOKMARK [2][-]{subsection.4.2.1}{Estimation of cH\(ZZ4\)cprocess}{section.4.2}% 45
\BOOKMARK [2][-]{subsection.4.2.2}{Estimation of irreducible backgrounds}{section.4.2}% 46
\BOOKMARK [2][-]{subsection.4.2.3}{Estimation of reducible backgrounds}{section.4.2}% 47
\BOOKMARK [1][-]{section.4.3}{Validation of cH\(ZZ4\)event selection in sideband regions}{chapter.4}% 48
\BOOKMARK [1][-]{section.4.4}{Statistical inference}{chapter.4}% 49
\BOOKMARK [2][-]{subsection.4.4.1}{Statistical model}{section.4.4}% 50
\BOOKMARK [2][-]{subsection.4.4.2}{Uncertainty model}{section.4.4}% 51
\BOOKMARK [1][-]{section.4.5}{Results}{chapter.4}% 52
\BOOKMARK [2][-]{subsection.4.5.1}{Expected upper limits on B\(cH\(ZZ4\)\)c}{section.4.5}% 53
\BOOKMARK [2][-]{subsection.4.5.2}{Impact of nuisance parameters}{section.4.5}% 54
\BOOKMARK [2][-]{subsection.4.5.3}{Fitting nuisance parameters in sideband regions}{section.4.5}% 55
\BOOKMARK [2][-]{subsection.4.5.4}{Extrapolation to larger datasets \046 comparison to other cH channels}{section.4.5}% 56
\BOOKMARK [2][-]{subsection.4.5.5}{Potential analysis improvements}{section.4.5}% 57
\BOOKMARK [0][-]{chapter.5}{An EFT interpretation of the cH\(ZZ4\) process}{}% 58
\BOOKMARK [1][-]{section.5.1}{The cH\(ZZ4\)cGprocess}{chapter.5}% 59
\BOOKMARK [2][-]{subsection.5.1.1}{Simulation of the cH\(ZZ4\)cGprocess}{section.5.1}% 60
\BOOKMARK [2][-]{subsection.5.1.2}{Modifications to the analysis strategy}{section.5.1}% 61
\BOOKMARK [1][-]{section.5.2}{Results}{chapter.5}% 62
\BOOKMARK [0][-]{chapter*.68}{Conclusion}{}% 63
\BOOKMARK [0][-]{chapter*.70}{Bibliography}{}% 64
\BOOKMARK [0][-]{appendix*.71}{Appendix}{}% 65
\BOOKMARK [1][-]{section.Alph0.1}{Columnar analysis framework}{appendix*.71}% 66
\BOOKMARK [1][-]{section.Alph0.2}{Likelihood templates derived for jet selection algorithm}{appendix*.71}% 67
\BOOKMARK [1][-]{section.Alph0.3}{Comparison of discriminators in 3P1F and 2P2F regions}{appendix*.71}% 68
\BOOKMARK [1][-]{section.Alph0.4}{List of nuisance parameters and corresponding distributions}{appendix*.71}% 69
\BOOKMARK [1][-]{section.Alph0.5}{Nuisance parameter impacts for r=0 fit of cH\(ZZ4\)}{appendix*.71}% 70
